2026-03-15 21:22:57,476 - __main__ - INFO - ============================================================
2026-03-15 21:22:57,477 - __main__ - INFO - TARAPATH - Offline Celestial Navigation System
2026-03-15 21:22:57,479 - __main__ - INFO - ============================================================
2026-03-15 21:22:57,480 - __main__ - INFO - Initializing TARAPATH...
2026-03-15 21:22:57,481 - tarapath_core - INFO - Initializing TARAPATH navigation system...
2026-03-15 21:22:57,486 - star_catalog - INFO - Downloading HYG star catalog...
2026-03-15 21:22:58,823 - star_catalog - WARNING - Download failed: 404 Client Error: Not Found for url: https://raw.githubusercontent.com/astronexus/HYG-Database/master/hygdata_v3.csv
2026-03-15 21:22:58,827 - star_catalog - INFO - Creating fallback catalog with bright stars
2026-03-15 21:22:58,868 - star_catalog - INFO - Saved catalog to ./data/star_catalog\hyg_stars.csv
2026-03-15 21:22:58,972 - star_catalog - INFO - Saved pickled catalog to ./data/star_catalog\hyg_stars.pkl
2026-03-15 21:22:58,972 - imu_handler - INFO - IMU Handler initialized (simulation=True)
2026-03-15 21:22:58,972 - imu_handler - INFO - Calibrating IMU for 2.0 seconds...
2026-03-15 21:22:58,974 - imu_handler - INFO - Keep device stationary during calibration
2026-03-15 21:23:00,986 - imu_handler - INFO - Calibration complete: Pitch offset=-0.01°, Roll offset=0.00°, Yaw offset=-0.01°
2026-03-15 21:23:00,987 - tarapath_core - INFO - TARAPATH initialized successfully
2026-03-15 21:23:00,991 - __main__ - INFO - Creating test star field...
2026-03-15 21:23:01,302 - __main__ - INFO - Test image saved to test_stars.jpg
2026-03-15 21:23:01,303 - __main__ - INFO - Processing test image...
2026-03-15 21:23:01,304 - tarapath_core - INFO - Loading image: test_stars.jpg
2026-03-15 21:23:01,389 - tarapath_core - INFO - Detecting stars...
2026-03-15 21:23:01,421 - tarapath_core - INFO - Detected 0 stars
2026-03-15 21:23:01,422 - tarapath_core - ERROR - Insufficient stars detected (need 3)
2026-03-15 21:23:01,424 - __main__ - ERROR - Failed to determine position
2026-03-15 21:23:01,425 - __main__ - ERROR - 
TARAPATH failed to determine position
2026-03-15 21:28:14,608 - __main__ - INFO - ============================================================
2026-03-15 21:28:14,608 - __main__ - INFO - TARAPATH - Offline Celestial Navigation System
2026-03-15 21:28:14,608 - __main__ - INFO - ============================================================
2026-03-15 21:28:14,608 - __main__ - INFO - Initializing TARAPATH...
2026-03-15 21:28:14,608 - tarapath_core - INFO - Initializing TARAPATH navigation system...
2026-03-15 21:28:14,608 - star_catalog - INFO - Loading pickled catalog from ./data/star_catalog\hyg_stars.pkl
2026-03-15 21:28:14,608 - star_catalog - INFO - Loaded 20 stars
2026-03-15 21:28:14,608 - imu_handler - INFO - IMU Handler initialized (simulation=True)
2026-03-15 21:28:14,608 - imu_handler - INFO - Calibrating IMU for 2.0 seconds...
2026-03-15 21:28:14,608 - imu_handler - INFO - Keep device stationary during calibration
2026-03-15 21:28:16,610 - imu_handler - INFO - Calibration complete: Pitch offset=0.01°, Roll offset=-0.01°, Yaw offset=-0.00°
2026-03-15 21:28:16,610 - tarapath_core - INFO - TARAPATH initialized successfully
2026-03-15 21:28:16,610 - __main__ - INFO - Creating test star field...
2026-03-15 21:28:16,763 - __main__ - INFO - Test image saved to test_stars.jpg
2026-03-15 21:28:16,763 - __main__ - INFO - Processing test image...
2026-03-15 21:28:16,763 - tarapath_core - INFO - Loading image: test_stars.jpg
2026-03-15 21:28:16,824 - tarapath_core - INFO - Detecting stars...
2026-03-15 21:28:16,960 - tarapath_core - INFO - Detected 1 stars
2026-03-15 21:28:16,961 - tarapath_core - ERROR - Insufficient stars detected (need 3)
2026-03-15 21:28:16,961 - __main__ - ERROR - Failed to determine position
2026-03-15 21:28:16,962 - __main__ - ERROR - 
TARAPATH failed to determine position
2026-03-16 00:00:52,283 - __main__ - INFO - ============================================================
2026-03-16 00:00:52,285 - __main__ - INFO - TARAPATH - Offline Celestial Navigation System
2026-03-16 00:00:52,285 - __main__ - INFO - ============================================================
2026-03-16 00:00:52,285 - __main__ - INFO - Initializing TARAPATH...
2026-03-16 00:00:52,285 - tarapath_core - INFO - Initializing TARAPATH navigation system...
2026-03-16 00:00:52,288 - star_catalog - INFO - Loading pickled catalog from ./data/star_catalog\hyg_stars.pkl
2026-03-16 00:00:52,288 - star_catalog - WARNING - Failed to load pickled catalog: (str, array(['Sirius', 'Canopus', 'Alpha Centauri', 'Arcturus', 'Vega',
       'Capella', 'Rigel', 'Procyon', 'Achernar', 'Betelgeuse', 'Hadar',
       'Altair', 'Acrux', 'Aldebaran', 'Spica', 'Antares', 'Pollux',
       'Fomalhaut', 'Deneb', 'Regulus'], dtype=object))
2026-03-16 00:00:52,288 - star_catalog - INFO - Loading existing catalog from ./data/star_catalog\hyg_stars.csv
2026-03-16 00:00:52,295 - star_catalog - INFO - Filtered to 20 bright stars (mag <= 6.0)
2026-03-16 00:00:52,299 - star_catalog - INFO - Saved pickled catalog to ./data/star_catalog\hyg_stars.pkl
2026-03-16 00:00:52,300 - star_detector - INFO - Star detector set to test mode (more sensitive)
2026-03-16 00:00:52,300 - imu_handler - INFO - IMU Handler initialized (simulation=True)
2026-03-16 00:00:52,301 - imu_handler - INFO - Calibrating IMU for 2.0 seconds...
2026-03-16 00:00:52,301 - imu_handler - INFO - Keep device stationary during calibration
2026-03-16 00:00:54,309 - imu_handler - INFO - Calibration complete: Pitch offset=0.02°, Roll offset=-0.00°, Yaw offset=-0.00°
2026-03-16 00:00:54,310 - tarapath_core - INFO - TARAPATH initialized successfully
2026-03-16 00:00:54,310 - __main__ - INFO - Creating test star field...
2026-03-16 00:00:54,482 - __main__ - INFO - Test image saved to test_stars.jpg
2026-03-16 00:00:54,485 - __main__ - INFO - Processing test image...
2026-03-16 00:00:54,485 - tarapath_core - INFO - Loading image: test_stars.jpg
2026-03-16 00:00:54,538 - tarapath_core - INFO - Detecting stars...
2026-03-16 00:27:49,599 - star_detector - INFO - Detected 16348 stars
2026-03-16 00:27:49,636 - tarapath_core - INFO - Detected 50 stars
2026-03-16 00:27:49,642 - tarapath_core - INFO - Matching star patterns...
2026-03-16 00:27:49,735 - pattern_matcher - WARNING - Only 0 catalog stars in region
2026-03-16 00:27:49,737 - tarapath_core - INFO - Matched 50 stars
2026-03-16 00:27:49,737 - tarapath_core - INFO - Solving for position...
2026-03-16 00:27:49,739 - position_solver - WARNING - Insufficient valid sights
2026-03-16 00:27:49,740 - __main__ - ERROR - Failed to determine position
2026-03-16 00:27:49,742 - __main__ - ERROR - 
TARAPATH failed to determine position
